1 hello world
2 hello world
loop 2 echo $loop hello world
loop 2 echo $loop hello world
path /bin /usr/bin/
loop 2 echo $loop hello world
path /bin /usr/bin/
loop 3 head -n $loop tests/19.in
