This is the first argument: I
This is the second argument: love
This is the third argument: cs537
